// Jest Snapshot v1, https://goo.gl/fbAQLP

exports[`Test Home Page renders snapshot as expected 1`] = `
Object {
  "asFragment": [Function],
  "baseElement": <body>
    <div>
      <main
        class="MuiContainer-root MuiContainer-maxWidthLg"
        style="display: flex; height: 100%; align-items: center;"
      >
        <div
          class="MuiContainer-root MuiContainer-maxWidthXs"
        >
          <div
            class="MuiBox-root MuiBox-root-1"
            style="flex: 1; flex-direction: column; align-items: center;"
          >
            <div
              class="MuiBox-root MuiBox-root-2"
              style="border: 1px solid #ccc; padding: 35px 30px; border-radius: 6px;"
            >
              <div
                class="MuiFormControl-root MuiTextField-root MuiFormControl-fullWidth"
                data-testid="asteroidId"
              >
                <label
                  class="MuiFormLabel-root MuiInputLabel-root MuiInputLabel-formControl MuiInputLabel-animated MuiInputLabel-shrink MuiInputLabel-outlined Mui-focused Mui-focused"
                  data-shrink="true"
                  for="asteroidId"
                  id="asteroidId-label"
                >
                  Enter Asteroid ID
                </label>
                <div
                  class="MuiInputBase-root MuiOutlinedInput-root MuiInputBase-fullWidth Mui-focused Mui-focused MuiInputBase-formControl"
                >
                  <input
                    aria-invalid="false"
                    class="MuiInputBase-input MuiOutlinedInput-input"
                    id="asteroidId"
                    name="asteroidId"
                    type="text"
                    value=""
                  />
                  <fieldset
                    aria-hidden="true"
                    class="PrivateNotchedOutline-root-3 MuiOutlinedInput-notchedOutline"
                  >
                    <legend
                      class="PrivateNotchedOutline-legendLabelled-5 PrivateNotchedOutline-legendNotched-6"
                    >
                      <span>
                        Enter Asteroid ID
                      </span>
                    </legend>
                  </fieldset>
                </div>
              </div>
              <button
                class="MuiButtonBase-root MuiButton-root MuiButton-contained MuiButton-containedPrimary Mui-disabled MuiButton-fullWidth Mui-disabled"
                data-testid="submit"
                disabled=""
                style="margin-top: 35px; padding: 12px;"
                tabindex="-1"
                type="submit"
              >
                <span
                  class="MuiButton-label"
                >
                  Submit
                </span>
              </button>
            </div>
            <button
              class="MuiButtonBase-root MuiButton-root MuiButton-contained MuiButton-containedPrimary MuiButton-fullWidth"
              data-testid="getRandomAsteroid"
              style="margin-top: 35px; padding: 12px;"
              tabindex="0"
              type="button"
            >
              <span
                class="MuiButton-label"
              >
                Random Asteroid
              </span>
              <span
                class="MuiTouchRipple-root"
              />
            </button>
          </div>
        </div>
      </main>
    </div>
  </body>,
  "container": <div>
    <main
      class="MuiContainer-root MuiContainer-maxWidthLg"
      style="display: flex; height: 100%; align-items: center;"
    >
      <div
        class="MuiContainer-root MuiContainer-maxWidthXs"
      >
        <div
          class="MuiBox-root MuiBox-root-1"
          style="flex: 1; flex-direction: column; align-items: center;"
        >
          <div
            class="MuiBox-root MuiBox-root-2"
            style="border: 1px solid #ccc; padding: 35px 30px; border-radius: 6px;"
          >
            <div
              class="MuiFormControl-root MuiTextField-root MuiFormControl-fullWidth"
              data-testid="asteroidId"
            >
              <label
                class="MuiFormLabel-root MuiInputLabel-root MuiInputLabel-formControl MuiInputLabel-animated MuiInputLabel-shrink MuiInputLabel-outlined Mui-focused Mui-focused"
                data-shrink="true"
                for="asteroidId"
                id="asteroidId-label"
              >
                Enter Asteroid ID
              </label>
              <div
                class="MuiInputBase-root MuiOutlinedInput-root MuiInputBase-fullWidth Mui-focused Mui-focused MuiInputBase-formControl"
              >
                <input
                  aria-invalid="false"
                  class="MuiInputBase-input MuiOutlinedInput-input"
                  id="asteroidId"
                  name="asteroidId"
                  type="text"
                  value=""
                />
                <fieldset
                  aria-hidden="true"
                  class="PrivateNotchedOutline-root-3 MuiOutlinedInput-notchedOutline"
                >
                  <legend
                    class="PrivateNotchedOutline-legendLabelled-5 PrivateNotchedOutline-legendNotched-6"
                  >
                    <span>
                      Enter Asteroid ID
                    </span>
                  </legend>
                </fieldset>
              </div>
            </div>
            <button
              class="MuiButtonBase-root MuiButton-root MuiButton-contained MuiButton-containedPrimary Mui-disabled MuiButton-fullWidth Mui-disabled"
              data-testid="submit"
              disabled=""
              style="margin-top: 35px; padding: 12px;"
              tabindex="-1"
              type="submit"
            >
              <span
                class="MuiButton-label"
              >
                Submit
              </span>
            </button>
          </div>
          <button
            class="MuiButtonBase-root MuiButton-root MuiButton-contained MuiButton-containedPrimary MuiButton-fullWidth"
            data-testid="getRandomAsteroid"
            style="margin-top: 35px; padding: 12px;"
            tabindex="0"
            type="button"
          >
            <span
              class="MuiButton-label"
            >
              Random Asteroid
            </span>
            <span
              class="MuiTouchRipple-root"
            />
          </button>
        </div>
      </div>
    </main>
  </div>,
  "debug": [Function],
  "findAllByAltText": [Function],
  "findAllByDisplayValue": [Function],
  "findAllByLabelText": [Function],
  "findAllByPlaceholderText": [Function],
  "findAllByRole": [Function],
  "findAllByTestId": [Function],
  "findAllByText": [Function],
  "findAllByTitle": [Function],
  "findByAltText": [Function],
  "findByDisplayValue": [Function],
  "findByLabelText": [Function],
  "findByPlaceholderText": [Function],
  "findByRole": [Function],
  "findByTestId": [Function],
  "findByText": [Function],
  "findByTitle": [Function],
  "getAllByAltText": [Function],
  "getAllByDisplayValue": [Function],
  "getAllByLabelText": [Function],
  "getAllByPlaceholderText": [Function],
  "getAllByRole": [Function],
  "getAllByTestId": [Function],
  "getAllByText": [Function],
  "getAllByTitle": [Function],
  "getByAltText": [Function],
  "getByDisplayValue": [Function],
  "getByLabelText": [Function],
  "getByPlaceholderText": [Function],
  "getByRole": [Function],
  "getByTestId": [Function],
  "getByText": [Function],
  "getByTitle": [Function],
  "queryAllByAltText": [Function],
  "queryAllByDisplayValue": [Function],
  "queryAllByLabelText": [Function],
  "queryAllByPlaceholderText": [Function],
  "queryAllByRole": [Function],
  "queryAllByTestId": [Function],
  "queryAllByText": [Function],
  "queryAllByTitle": [Function],
  "queryByAltText": [Function],
  "queryByDisplayValue": [Function],
  "queryByLabelText": [Function],
  "queryByPlaceholderText": [Function],
  "queryByRole": [Function],
  "queryByTestId": [Function],
  "queryByText": [Function],
  "queryByTitle": [Function],
  "rerender": [Function],
  "unmount": [Function],
}
`;
